../Core/Src/main.c:37:6:debounceFSM_init	8	static
../Core/Src/main.c:49:6:debounceFSM_update	16	static
../Core/Src/main.c:74:6:buttonPressed	4	static
../Core/Src/main.c:79:6:buttonReleased	4	static
../Core/Src/main.c:125:5:main	8	static
../Core/Src/main.c:172:6:SystemClock_Config	88	static
../Core/Src/main.c:218:13:MX_ETH_Init	8	static
../Core/Src/main.c:267:13:MX_USART3_UART_Init	8	static
../Core/Src/main.c:300:13:MX_USB_OTG_FS_PCD_Init	8	static
../Core/Src/main.c:335:13:MX_GPIO_Init	56	static
../Core/Src/main.c:393:6:Error_Handler	4	static,ignoring_inline_asm
