Archive member included to satisfy reference by file (symbol)

C:/ST/STM32CubeIDE_1.15.1/STM32CubeIDE/plugins/com.st.stm32cube.ide.mcu.externaltools.gnu-tools-for-stm32.12.3.rel1.win32_1.0.200.202406191623/tools/bin/../lib/gcc/arm-none-eabi/12.3.1/../../../../arm-none-eabi/lib/thumb/v7e-m+fp/hard\libc_nano.a(libc_a-exit.o)
                              C:/ST/STM32CubeIDE_1.15.1/STM32CubeIDE/plugins/com.st.stm32cube.ide.mcu.externaltools.gnu-tools-for-stm32.12.3.rel1.win32_1.0.200.202406191623/tools/bin/../lib/gcc/arm-none-eabi/12.3.1/../../../../arm-none-eabi/lib/thumb/v7e-m+fp/hard/crt0.o (exit)
C:/ST/STM32CubeIDE_1.15.1/STM32CubeIDE/plugins/com.st.stm32cube.ide.mcu.externaltools.gnu-tools-for-stm32.12.3.rel1.win32_1.0.200.202406191623/tools/bin/../lib/gcc/arm-none-eabi/12.3.1/../../../../arm-none-eabi/lib/thumb/v7e-m+fp/hard\libc_nano.a(libc_a-findfp.o)
                              C:/ST/STM32CubeIDE_1.15.1/STM32CubeIDE/plugins/com.st.stm32cube.ide.mcu.externaltools.gnu-tools-for-stm32.12.3.rel1.win32_1.0.200.202406191623/tools/bin/../lib/gcc/arm-none-eabi/12.3.1/../../../../arm-none-eabi/lib/thumb/v7e-m+fp/hard\libc_nano.a(libc_a-exit.o) (__stdio_exit_handler)
C:/ST/STM32CubeIDE_1.15.1/STM32CubeIDE/plugins/com.st.stm32cube.ide.mcu.externaltools.gnu-tools-for-stm32.12.3.rel1.win32_1.0.200.202406191623/tools/bin/../lib/gcc/arm-none-eabi/12.3.1/../../../../arm-none-eabi/lib/thumb/v7e-m+fp/hard\libc_nano.a(libc_a-fwalk.o)
                              C:/ST/STM32CubeIDE_1.15.1/STM32CubeIDE/plugins/com.st.stm32cube.ide.mcu.externaltools.gnu-tools-for-stm32.12.3.rel1.win32_1.0.200.202406191623/tools/bin/../lib/gcc/arm-none-eabi/12.3.1/../../../../arm-none-eabi/lib/thumb/v7e-m+fp/hard\libc_nano.a(libc_a-findfp.o) (_fwalk_sglue)
C:/ST/STM32CubeIDE_1.15.1/STM32CubeIDE/plugins/com.st.stm32cube.ide.mcu.externaltools.gnu-tools-for-stm32.12.3.rel1.win32_1.0.200.202406191623/tools/bin/../lib/gcc/arm-none-eabi/12.3.1/../../../../arm-none-eabi/lib/thumb/v7e-m+fp/hard\libc_nano.a(libc_a-stdio.o)
                              C:/ST/STM32CubeIDE_1.15.1/STM32CubeIDE/plugins/com.st.stm32cube.ide.mcu.externaltools.gnu-tools-for-stm32.12.3.rel1.win32_1.0.200.202406191623/tools/bin/../lib/gcc/arm-none-eabi/12.3.1/../../../../arm-none-eabi/lib/thumb/v7e-m+fp/hard\libc_nano.a(libc_a-findfp.o) (__sread)
C:/ST/STM32CubeIDE_1.15.1/STM32CubeIDE/plugins/com.st.stm32cube.ide.mcu.externaltools.gnu-tools-for-stm32.12.3.rel1.win32_1.0.200.202406191623/tools/bin/../lib/gcc/arm-none-eabi/12.3.1/../../../../arm-none-eabi/lib/thumb/v7e-m+fp/hard\libc_nano.a(libc_a-memset.o)
                              C:/ST/STM32CubeIDE_1.15.1/STM32CubeIDE/plugins/com.st.stm32cube.ide.mcu.externaltools.gnu-tools-for-stm32.12.3.rel1.win32_1.0.200.202406191623/tools/bin/../lib/gcc/arm-none-eabi/12.3.1/../../../../arm-none-eabi/lib/thumb/v7e-m+fp/hard/crt0.o (memset)
C:/ST/STM32CubeIDE_1.15.1/STM32CubeIDE/plugins/com.st.stm32cube.ide.mcu.externaltools.gnu-tools-for-stm32.12.3.rel1.win32_1.0.200.202406191623/tools/bin/../lib/gcc/arm-none-eabi/12.3.1/../../../../arm-none-eabi/lib/thumb/v7e-m+fp/hard\libc_nano.a(libc_a-closer.o)
                              C:/ST/STM32CubeIDE_1.15.1/STM32CubeIDE/plugins/com.st.stm32cube.ide.mcu.externaltools.gnu-tools-for-stm32.12.3.rel1.win32_1.0.200.202406191623/tools/bin/../lib/gcc/arm-none-eabi/12.3.1/../../../../arm-none-eabi/lib/thumb/v7e-m+fp/hard\libc_nano.a(libc_a-stdio.o) (_close_r)
C:/ST/STM32CubeIDE_1.15.1/STM32CubeIDE/plugins/com.st.stm32cube.ide.mcu.externaltools.gnu-tools-for-stm32.12.3.rel1.win32_1.0.200.202406191623/tools/bin/../lib/gcc/arm-none-eabi/12.3.1/../../../../arm-none-eabi/lib/thumb/v7e-m+fp/hard\libc_nano.a(libc_a-reent.o)
                              C:/ST/STM32CubeIDE_1.15.1/STM32CubeIDE/plugins/com.st.stm32cube.ide.mcu.externaltools.gnu-tools-for-stm32.12.3.rel1.win32_1.0.200.202406191623/tools/bin/../lib/gcc/arm-none-eabi/12.3.1/../../../../arm-none-eabi/lib/thumb/v7e-m+fp/hard\libc_nano.a(libc_a-closer.o) (errno)
C:/ST/STM32CubeIDE_1.15.1/STM32CubeIDE/plugins/com.st.stm32cube.ide.mcu.externaltools.gnu-tools-for-stm32.12.3.rel1.win32_1.0.200.202406191623/tools/bin/../lib/gcc/arm-none-eabi/12.3.1/../../../../arm-none-eabi/lib/thumb/v7e-m+fp/hard\libc_nano.a(libc_a-impure.o)
                              C:/ST/STM32CubeIDE_1.15.1/STM32CubeIDE/plugins/com.st.stm32cube.ide.mcu.externaltools.gnu-tools-for-stm32.12.3.rel1.win32_1.0.200.202406191623/tools/bin/../lib/gcc/arm-none-eabi/12.3.1/../../../../arm-none-eabi/lib/thumb/v7e-m+fp/hard\libc_nano.a(libc_a-reent.o) (_impure_ptr)
C:/ST/STM32CubeIDE_1.15.1/STM32CubeIDE/plugins/com.st.stm32cube.ide.mcu.externaltools.gnu-tools-for-stm32.12.3.rel1.win32_1.0.200.202406191623/tools/bin/../lib/gcc/arm-none-eabi/12.3.1/../../../../arm-none-eabi/lib/thumb/v7e-m+fp/hard\libc_nano.a(libc_a-lseekr.o)
[...]
Memory Configuration

Name             Origin             Length             Attributes
CCMRAM           0x10000000         0x00010000         xrw
RAM              0x20000000         0x00030000         xrw
FLASH            0x08000000         0x00200000         xr
*default*        0x00000000         0xffffffff

Linker script and memory map

LOAD C:/ST/STM32CubeIDE_1.15.1/STM32CubeIDE/plugins/com.st.stm32cube.ide.mcu.externaltools.gnu-tools-for-stm32.12.3.rel1.win32_1.0.200.202406191623/tools/bin/../lib/gcc/arm-none-eabi/12.3.1/thumb/v7e-m+fp/hard/crti.o
LOAD C:/ST/STM32CubeIDE_1.15.1/STM32CubeIDE/plugins/com.st.stm32cube.ide.mcu.externaltools.gnu-tools-for-stm32.12.3.rel1.win32_1.0.200.202406191623/tools/bin/../lib/gcc/arm-none-eabi/12.3.1/thumb/v7e-m+fp/hard/crtbegin.o
LOAD C:/ST/STM32CubeIDE_1.15.1/STM32CubeIDE/plugins/com.st.stm32cube.ide.mcu.externaltools.gnu-tools-for-stm32.12.3.rel1.win32_1.0.200.202406191623/tools/bin/../lib/gcc/arm-none-eabi/12.3.1/../../../../arm-none-eabi/lib/thumb/v7e-m+fp/hard/crt0.o
LOAD ./Core/Src/main.o
LOAD ./Core/Src/stm32f4xx_hal_msp.o
LOAD ./Core/Src/stm32f4xx_it.o
LOAD ./Core/Src/syscalls.o
LOAD ./Core/Src/sysmem.o
LOAD ./Core/Src/system_stm32f4xx.o
LOAD ./Core/Startup/startup_stm32f429zitx.o
LOAD ./Drivers/STM32F4xx_HAL_Driver/Src/stm32f4xx_hal.o
LOAD ./Drivers/STM32F4xx_HAL_Driver/Src/stm32f4xx_hal_cortex.o
LOAD ./Drivers/STM32F4xx_HAL_Driver/Src/stm32f4xx_hal_dma.o
LOAD ./Drivers/STM32F4xx_HAL_Driver/Src/stm32f4xx_hal_dma_ex.o
LOAD ./Drivers/STM32F4xx_HAL_Driver/Src/stm32f4xx_hal_eth.o
LOAD ./Drivers/STM32F4xx_HAL_Driver/Src/stm32f4xx_hal_exti.o
LOAD ./Drivers/STM32F4xx_HAL_Driver/Src/stm32f4xx_hal_flash.o
LOAD ./Drivers/STM32F4xx_HAL_Driver/Src/stm32f4xx_hal_flash_ex.o
LOAD ./Drivers/STM32F4xx_HAL_Driver/Src/stm32f4xx_hal_flash_ramfunc.o
LOAD ./Drivers/STM32F4xx_HAL_Driver/Src/stm32f4xx_hal_gpio.o
LOAD ./Drivers/STM32F4xx_HAL_Driver/Src/stm32f4xx_hal_pcd.o
LOAD ./Drivers/STM32F4xx_HAL_Driver/Src/stm32f4xx_hal_pcd_ex.o
LOAD ./Drivers/STM32F4xx_HAL_Driver/Src/stm32f4xx_hal_pwr.o
LOAD ./Drivers/STM32F4xx_HAL_Driver/Src/stm32f4xx_hal_pwr_ex.o
LOAD ./Drivers/STM32F4xx_HAL_Driver/Src/stm32f4xx_hal_rcc.o
LOAD ./Drivers/STM32F4xx_HAL_Driver/Src/stm32f4xx_hal_rcc_ex.o
LOAD ./Drivers/STM32F4xx_HAL_Driver/Src/stm32f4xx_hal_tim.o
LOAD ./Drivers/STM32F4xx_HAL_Driver/Src/stm32f4xx_hal_tim_ex.o
LOAD ./Drivers/STM32F4xx_HAL_Driver/Src/stm32f4xx_hal_uart.o
LOAD ./Drivers/STM32F4xx_HAL_Driver/Src/stm32f4xx_ll_usb.o
START GROUP
LOAD C:/ST/STM32CubeIDE_1.15.1/STM32CubeIDE/plugins/com.st.stm32cube.ide.mcu.externaltools.gnu-tools-for-stm32.12.3.rel1.win32_1.0.200.202406191623/tools/bin/../lib/gcc/arm-none-eabi/12.3.1/../../../../arm-none-eabi/lib/thumb/v7e-m+fp/hard\libc_nano.a
LOAD C:/ST/STM32CubeIDE_1.15.1/STM32CubeIDE/plugins/com.st.stm32cube.ide.mcu.externaltools.gnu-tools-for-stm32.12.3.rel1.win32_1.0.200.202406191623/tools/bin/../lib/gcc/arm-none-eabi/12.3.1/../../../../arm-none-eabi/lib/thumb/v7e-m+fp/hard\libm.a
END GROUP
START GROUP
LOAD C:/ST/STM32CubeIDE_1.15.1/STM32CubeIDE/plugins/com.st.stm32cube.ide.mcu.externaltools.gnu-tools-for-stm32.12.3.rel1.win32_1.0.200.202406191623/tools/bin/../lib/gcc/arm-none-eabi/12.3.1/thumb/v7e-m+fp/hard\libgcc.a
LOAD C:/ST/STM32CubeIDE_1.15.1/STM32CubeIDE/plugins/com.st.stm32cube.ide.mcu.externaltools.gnu-tools-for-stm32.12.3.rel1.win32_1.0.200.202406191623/tools/bin/../lib/gcc/arm-none-eabi/12.3.1/../../../../arm-none-eabi/lib/thumb/v7e-m+fp/hard\libc_nano.a
END GROUP
START GROUP
LOAD C:/ST/STM32CubeIDE_1.15.1/STM32CubeIDE/plugins/com.st.stm32cube.ide.mcu.externaltools.gnu-tools-for-stm32.12.3.rel1.win32_1.0.200.202406191623/tools/bin/../lib/gcc/arm-none-eabi/12.3.1/thumb/v7e-m+fp/hard\libgcc.a
LOAD C:/ST/STM32CubeIDE_1.15.1/STM32CubeIDE/plugins/com.st.stm32cube.ide.mcu.externaltools.gnu-tools-for-stm32.12.3.rel1.win32_1.0.200.202406191623/tools/bin/../lib/gcc/arm-none-eabi/12.3.1/../../../../arm-none-eabi/lib/thumb/v7e-m+fp/hard\libc_nano.a
LOAD C:/ST/STM32CubeIDE_1.15.1/STM32CubeIDE/plugins/com.st.stm32cube.ide.mcu.externaltools.gnu-tools-for-stm32.12.3.rel1.win32_1.0.200.202406191623/tools/bin/../lib/gcc/arm-none-eabi/12.3.1/../../../../arm-none-eabi/lib/thumb/v7e-m+fp/hard\libnosys.a
END GROUP
START GROUP
LOAD C:/ST/STM32CubeIDE_1.15.1/STM32CubeIDE/plugins/com.st.stm32cube.ide.mcu.externaltools.gnu-tools-for-stm32.12.3.rel1.win32_1.0.200.202406191623/tools/bin/../lib/gcc/arm-none-eabi/12.3.1/thumb/v7e-m+fp/hard\libgcc.a
LOAD C:/ST/STM32CubeIDE_1.15.1/STM32CubeIDE/plugins/com.st.stm32cube.ide.mcu.externaltools.gnu-tools-for-stm32.12.3.rel1.win32_1.0.200.202406191623/tools/bin/../lib/gcc/arm-none-eabi/12.3.1/../../../../arm-none-eabi/lib/thumb/v7e-m+fp/hard\libc_nano.a
LOAD C:/ST/STM32CubeIDE_1.15.1/STM32CubeIDE/plugins/com.st.stm32cube.ide.mcu.externaltools.gnu-tools-for-stm32.12.3.rel1.win32_1.0.200.202406191623/tools/bin/../lib/gcc/arm-none-eabi/12.3.1/../../../../arm-none-eabi/lib/thumb/v7e-m+fp/hard\libnosys.a
END GROUP
LOAD C:/ST/STM32CubeIDE_1.15.1/STM32CubeIDE/plugins/com.st.stm32cube.ide.mcu.externaltools.gnu-tools-for-stm32.12.3.rel1.win32_1.0.200.202406191623/tools/bin/../lib/gcc/arm-none-eabi/12.3.1/thumb/v7e-m+fp/hard/crtend.o
LOAD C:/ST/STM32CubeIDE_1.15.1/STM32CubeIDE/plugins/com.st.stm32cube.ide.mcu.externaltools.gnu-tools-for-stm32.12.3.rel1.win32_1.0.200.202406191623/tools/bin/../lib/gcc/arm-none-eabi/12.3.1/thumb/v7e-m+fp/hard/crtn.o
                0x20030000                        _estack = (ORIGIN (RAM) + LENGTH (RAM))
                0x00000200                        _Min_Heap_Size = 0x200
                0x00000400                        _Min_Stack_Size = 0x400

.isr_vector     0x08000000      0x1ac
                0x08000000                        . = ALIGN (0x4)
 *(.isr_vector)
 .isr_vector    0x08000000      0x1ac ./Core/Startup/startup_stm32f429zitx.o
                0x08000000                g_pfnVectors
                0x080001ac                        . = ALIGN (0x4)

.text           0x080001ac     0x2fc0
                0x080001ac                        . = ALIGN (0x4)
 *(.text)
 .text          0x080001ac       0x40 C:/ST/STM32CubeIDE_1.15.1/STM32CubeIDE/plugins/com.st.stm32cube.ide.mcu.externaltools.gnu-tools-for-stm32.12.3.rel1.win32_1.0.200.202406191623/tools/bin/../lib/gcc/arm-none-eabi/12.3.1/thumb/v7e-m+fp/hard/crtbegin.o
 .text          0x080001ec       0x30 C:/ST/STM32CubeIDE_1.15.1/STM32CubeIDE/plugins/com.st.stm32cube.ide.mcu.externaltools.gnu-tools-for-stm32.12.3.rel1.win32_1.0.200.202406191623/tools/bin/../lib/gcc/arm-none-eabi/12.3.1/thumb/v7e-m+fp/hard\libgcc.a(_aeabi_uldivmod.o)
                0x080001ec                __aeabi_uldivmod
 .text          0x0800021c      0x2bc C:/ST/STM32CubeIDE_1.15.1/STM32CubeIDE/plugins/com.st.stm32cube.ide.mcu.externaltools.gnu-tools-for-stm32.12.3.rel1.win32_1.0.200.202406191623/tools/bin/../lib/gcc/arm-none-eabi/12.3.1/thumb/v7e-m+fp/hard\libgcc.a(_udivmoddi4.o)
                0x0800021c                __udivmoddi4
 .text          0x080004d8        0x4 C:/ST/STM32CubeIDE_1.15.1/STM32CubeIDE/plugins/com.st.stm32cube.ide.mcu.externaltools.gnu-tools-for-stm32.12.3.rel1.win32_1.0.200.202406191623/tools/bin/../lib/gcc/arm-none-eabi/12.3.1/thumb/v7e-m+fp/hard\libgcc.a(_dvmd_tls.o)
                0x080004d8                __aeabi_idiv0
                0x080004d8                __aeabi_ldiv0
 *(.text*)
 .text.debounceFSM_init
                0x080004dc       0x20 ./Core/Src/main.o
                0x080004dc                debounceFSM_init
 .text.debounceFSM_update
                0x080004fc       0x54 ./Core/Src/main.o
                0x080004fc                debounceFSM_update
 .text.buttonPressed
                0x08000550        0xe ./Core/Src/main.o
                0x08000550                buttonPressed
 .text.main     0x0800055e       0x26 ./Core/Src/main.o
                0x0800055e                main
 .text.SystemClock_Config
                0x08000584       0xd4 ./Core/Src/main.o
                0x08000584                SystemClock_Config
 .text.MX_ETH_Init
                0x08000658       0x9c ./Core/Src/main.o
 .text.MX_USART3_UART_Init
                0x080006f4       0x54 ./Core/Src/main.o
 .text.MX_USB_OTG_FS_PCD_Init
                0x08000748       0x5c ./Core/Src/main.o
 .text.MX_GPIO_Init
                0x080007a4      0x15c ./Core/Src/main.o
 .text.Error_Handler
                0x08000900        0xc ./Core/Src/main.o
                0x08000900                Error_Handler
 .text.HAL_MspInit
                0x0800090c       0x50 ./Core/Src/stm32f4xx_hal_msp.o
                0x0800090c                HAL_MspInit
 .text.HAL_ETH_MspInit
                0x0800095c      0x18c ./Core/Src/stm32f4xx_hal_msp.o
                0x0800095c                HAL_ETH_MspInit
 .text.HAL_UART_MspInit
                0x08000ae8       0x90 ./Core/Src/stm32f4xx_hal_msp.o
                0x08000ae8                HAL_UART_MspInit
 .text.HAL_PCD_MspInit
                0x08000b78       0xb4 ./Core/Src/stm32f4xx_hal_msp.o
                0x08000b78                HAL_PCD_MspInit
 .text.NMI_Handler
                0x08000c2c        0x8 ./Core/Src/stm32f4xx_it.o
                0x08000c2c                NMI_Handler
 .text.HardFault_Handler
                0x08000c34        0x8 ./Core/Src/stm32f4xx_it.o
                0x08000c34                HardFault_Handler
 .text.MemManage_Handler
                0x08000c3c        0x8 ./Core/Src/stm32f4xx_it.o
                0x08000c3c                MemManage_Handler
 .text.BusFault_Handler
                0x08000c44        0x8 ./Core/Src/stm32f4xx_it.o
                0x08000c44                BusFault_Handler
 .text.UsageFault_Handler
                0x08000c4c        0x8 ./Core/Src/stm32f4xx_it.o
                0x08000c4c                UsageFault_Handler
 .text.SVC_Handler
                0x08000c54        0xe ./Core/Src/stm32f4xx_it.o
                0x08000c54                SVC_Handler
 .text.DebugMon_Handler
                0x08000c62        0xe ./Core/Src/stm32f4xx_it.o
                0x08000c62                DebugMon_Handler
 .text.PendSV_Handler
                0x08000c70        0xe ./Core/Src/stm32f4xx_it.o
                0x08000c70                PendSV_Handler
 .text.SysTick_Handler
                0x08000c7e        0xc ./Core/Src/stm32f4xx_it.o
                0x08000c7e                SysTick_Handler
 *fill*         0x08000c8a        0x2 
 .text.SystemInit
                0x08000c8c       0x24 ./Core/Src/system_stm32f4xx.o
                0x08000c8c                SystemInit
 .text.Reset_Handler
                0x08000cb0       0x50 ./Core/Startup/startup_stm32f429zitx.o
                0x08000cb0                Reset_Handler
 .text.Default_Handler
                0x08000d00        0x2 ./Core/Startup/startup_stm32f429zitx.o
                0x08000d00                RTC_Alarm_IRQHandler
                0x08000d00                HASH_RNG_IRQHandler
                0x08000d00                EXTI2_IRQHandler
                0x08000d00                TIM8_CC_IRQHandler
                0x08000d00                UART8_IRQHandler
                0x08000d00                SPI4_IRQHandler
                0x08000d00                TIM1_CC_IRQHandler
                0x08000d00                DMA2_Stream5_IRQHandler
                0x08000d00                DMA1_Stream5_IRQHandler
                0x08000d00                PVD_IRQHandler
                0x08000d00                SDIO_IRQHandler
                0x08000d00                TAMP_STAMP_IRQHandler
                0x08000d00                CAN2_RX1_IRQHandler
                0x08000d00                EXTI3_IRQHandler
                0x08000d00                TIM8_TRG_COM_TIM14_IRQHandler
                0x08000d00                TIM1_UP_TIM10_IRQHandler
                0x08000d00                TIM8_UP_TIM13_IRQHandler
                0x08000d00                I2C3_ER_IRQHandler
                0x08000d00                EXTI0_IRQHandler
                0x08000d00                I2C2_EV_IRQHandler
                0x08000d00                DMA1_Stream2_IRQHandler
                0x08000d00                CAN1_RX0_IRQHandler
                0x08000d00                FPU_IRQHandler
                0x08000d00                OTG_HS_WKUP_IRQHandler
                0x08000d00                LTDC_ER_IRQHandler
                0x08000d00                CAN2_SCE_IRQHandler
                0x08000d00                DMA2_Stream2_IRQHandler
                0x08000d00                SPI1_IRQHandler
                0x08000d00                TIM6_DAC_IRQHandler
                0x08000d00                TIM1_BRK_TIM9_IRQHandler
                0x08000d00                DCMI_IRQHandler
                0x08000d00                CAN2_RX0_IRQHandler
                0x08000d00                DMA2_Stream3_IRQHandler
                0x08000d00                USART6_IRQHandler
                0x08000d00                USART3_IRQHandler
                0x08000d00                CAN1_RX1_IRQHandler
                0x08000d00                UART5_IRQHandler
                0x08000d00                DMA2_Stream0_IRQHandler
                0x08000d00                TIM4_IRQHandler
                0x08000d00                I2C1_EV_IRQHandler
                0x08000d00                DMA1_Stream6_IRQHandler
                0x08000d00                DMA1_Stream1_IRQHandler
                0x08000d00                UART4_IRQHandler
                0x08000d00                TIM3_IRQHandler
                0x08000d00                RCC_IRQHandler
                0x08000d00                TIM8_BRK_TIM12_IRQHandler
                0x08000d00                Default_Handler
                0x08000d00                EXTI15_10_IRQHandler
                0x08000d00                ADC_IRQHandler
                0x08000d00                DMA1_Stream7_IRQHandler
                0x08000d00                SPI5_IRQHandler
                0x08000d00                TIM7_IRQHandler
                0x08000d00                CAN2_TX_IRQHandler
                0x08000d00                TIM5_IRQHandler
                0x08000d00                DMA2_Stream7_IRQHandler
                0x08000d00                I2C3_EV_IRQHandler
                0x08000d00                EXTI9_5_IRQHandler
                0x08000d00                RTC_WKUP_IRQHandler
                0x08000d00                LTDC_IRQHandler
                0x08000d00                ETH_WKUP_IRQHandler
                0x08000d00                SPI2_IRQHandler
                0x08000d00                OTG_HS_EP1_IN_IRQHandler
                0x08000d00                DMA1_Stream0_IRQHandler
                0x08000d00                CAN1_TX_IRQHandler
                0x08000d00                EXTI4_IRQHandler
                0x08000d00                ETH_IRQHandler
                0x08000d00                OTG_HS_EP1_OUT_IRQHandler
                0x08000d00                WWDG_IRQHandler
                0x08000d00                SPI6_IRQHandler
                0x08000d00                TIM2_IRQHandler
                0x08000d00                OTG_FS_WKUP_IRQHandler
                0x08000d00                TIM1_TRG_COM_TIM11_IRQHandler
                0x08000d00                OTG_HS_IRQHandler
                0x08000d00                DMA2D_IRQHandler
                0x08000d00                EXTI1_IRQHandler
                0x08000d00                UART7_IRQHandler
                0x08000d00                USART2_IRQHandler
                0x08000d00                I2C2_ER_IRQHandler
                0x08000d00                DMA2_Stream1_IRQHandler
                0x08000d00                CAN1_SCE_IRQHandler
                0x08000d00                FLASH_IRQHandler
                0x08000d00                DMA2_Stream4_IRQHandler
                0x08000d00                USART1_IRQHandler
                0x08000d00                OTG_FS_IRQHandler
                0x08000d00                SPI3_IRQHandler
                0x08000d00                DMA1_Stream4_IRQHandler
                0x08000d00                I2C1_ER_IRQHandler
                0x08000d00                FMC_IRQHandler
                0x08000d00                DMA2_Stream6_IRQHandler
                0x08000d00                SAI1_IRQHandler
                0x08000d00                DMA1_Stream3_IRQHandler
 *fill*         0x08000d02        0x2 
 .text.HAL_Init
                0x08000d04       0x44 ./Drivers/STM32F4xx_HAL_Driver/Src/stm32f4xx_hal.o
                0x08000d04                HAL_Init
 .text.HAL_InitTick
                0x08000d48       0x60 ./Drivers/STM32F4xx_HAL_Driver/Src/stm32f4xx_hal.o
                0x08000d48                HAL_InitTick
 .text.HAL_IncTick
                0x08000da8       0x28 ./Drivers/STM32F4xx_HAL_Driver/Src/stm32f4xx_hal.o
                0x08000da8                HAL_IncTick
 .text.HAL_GetTick
                0x08000dd0       0x18 ./Drivers/STM32F4xx_HAL_Driver/Src/stm32f4xx_hal.o
                0x08000dd0                HAL_GetTick
 .text.HAL_Delay
                0x08000de8       0x48 ./Drivers/STM32F4xx_HAL_Driver/Src/stm32f4xx_hal.o
                0x08000de8                HAL_Delay
 .text.__NVIC_SetPriorityGrouping
                0x08000e30       0x48 ./Drivers/STM32F4xx_HAL_Driver/Src/stm32f4xx_hal_cortex.o
 .text.__NVIC_GetPriorityGrouping
                0x08000e78       0x1c ./Drivers/STM32F4xx_HAL_Driver/Src/stm32f4xx_hal_cortex.o
 .text.__NVIC_SetPriority
                0x08000e94       0x54 ./Drivers/STM32F4xx_HAL_Driver/Src/stm32f4xx_hal_cortex.o
 .text.NVIC_EncodePriority
                0x08000ee8       0x66 ./Drivers/STM32F4xx_HAL_Driver/Src/stm32f4xx_hal_cortex.o
 *fill*         0x08000f4e        0x2 
 .text.SysTick_Config
                0x08000f50       0x44 ./Drivers/STM32F4xx_HAL_Driver/Src/stm32f4xx_hal_cortex.o
 .text.HAL_NVIC_SetPriorityGrouping
                0x08000f94       0x16 ./Drivers/STM32F4xx_HAL_Driver/Src/stm32f4xx_hal_cortex.o
                0x08000f94                HAL_NVIC_SetPriorityGrouping
 .text.HAL_NVIC_SetPriority
                0x08000faa       0x38 ./Drivers/STM32F4xx_HAL_Driver/Src/stm32f4xx_hal_cortex.o
                0x08000faa                HAL_NVIC_SetPriority
 .text.HAL_SYSTICK_Config
                0x08000fe2       0x18 ./Drivers/STM32F4xx_HAL_Driver/Src/stm32f4xx_hal_cortex.o
                0x08000fe2                HAL_SYSTICK_Config
 *fill*         0x08000ffa        0x2 
 .text.HAL_ETH_Init
                0x08000ffc      0x138 ./Drivers/STM32F4xx_HAL_Driver/Src/stm32f4xx_hal_eth.o
                0x08000ffc                HAL_ETH_Init
 .text.ETH_SetMACConfig
                0x08001134      0x168 ./Drivers/STM32F4xx_HAL_Driver/Src/stm32f4xx_hal_eth.o
 .text.ETH_SetDMAConfig
                0x0800129c      0x114 ./Drivers/STM32F4xx_HAL_Driver/Src/stm32f4xx_hal_eth.o
 .text.ETH_MACDMAConfig
                0x080013b0       0xea ./Drivers/STM32F4xx_HAL_Driver/Src/stm32f4xx_hal_eth.o
 *fill*         0x0800149a        0x2 
 .text.ETH_MACAddressConfig
                0x0800149c       0x70 ./Drivers/STM32F4xx_HAL_Driver/Src/stm32f4xx_hal_eth.o
 .text.ETH_DMATxDescListInit
                0x0800150c       0xb2 ./Drivers/STM32F4xx_HAL_Driver/Src/stm32f4xx_hal_eth.o
 .text.ETH_DMARxDescListInit
                0x080015be       0xde ./Drivers/STM32F4xx_HAL_Driver/Src/stm32f4xx_hal_eth.o
 .text.HAL_GPIO_Init
                0x0800169c      0x358 ./Drivers/STM32F4xx_HAL_Driver/Src/stm32f4xx_hal_gpio.o
                0x0800169c                HAL_GPIO_Init
 .text.HAL_GPIO_WritePin
                0x080019f4       0x32 ./Drivers/STM32F4xx_HAL_Driver/Src/stm32f4xx_hal_gpio.o
                0x080019f4                HAL_GPIO_WritePin
 .text.HAL_PCD_Init
                0x08001a26      0x21e ./Drivers/STM32F4xx_HAL_Driver/Src/stm32f4xx_hal_pcd.o
                0x08001a26                HAL_PCD_Init
 .text.HAL_RCC_OscConfig
                0x08001c44      0x4f0 ./Drivers/STM32F4xx_HAL_Driver/Src/stm32f4xx_hal_rcc.o
                0x08001c44                HAL_RCC_OscConfig
 .text.HAL_RCC_ClockConfig
                0x08002134      0x1cc ./Drivers/STM32F4xx_HAL_Driver/Src/stm32f4xx_hal_rcc.o
                0x08002134                HAL_RCC_ClockConfig
 .text.HAL_RCC_GetSysClockFreq
                0x08002300      0x20c ./Drivers/STM32F4xx_HAL_Driver/Src/stm32f4xx_hal_rcc.o
                0x08002300                HAL_RCC_GetSysClockFreq
 .text.HAL_RCC_GetHCLKFreq
                0x0800250c       0x18 ./Drivers/STM32F4xx_HAL_Driver/Src/stm32f4xx_hal_rcc.o
                0x0800250c                HAL_RCC_GetHCLKFreq
 .text.HAL_RCC_GetPCLK1Freq
                0x08002524       0x28 ./Drivers/STM32F4xx_HAL_Driver/Src/stm32f4xx_hal_rcc.o
                0x08002524                HAL_RCC_GetPCLK1Freq
 .text.HAL_RCC_GetPCLK2Freq
                0x0800254c       0x28 ./Drivers/STM32F4xx_HAL_Driver/Src/stm32f4xx_hal_rcc.o
                0x0800254c                HAL_RCC_GetPCLK2Freq
 .text.HAL_UART_Init
                0x08002574       0xa0 ./Drivers/STM32F4xx_HAL_Driver/Src/stm32f4xx_hal_uart.o
                0x08002574                HAL_UART_Init
 .text.UART_SetConfig
                0x08002614      0x4e8 ./Drivers/STM32F4xx_HAL_Driver/Src/stm32f4xx_hal_uart.o
 .text.USB_CoreInit
                0x08002afc       0xc8 ./Drivers/STM32F4xx_HAL_Driver/Src/stm32f4xx_ll_usb.o
                0x08002afc                USB_CoreInit
 .text.USB_DisableGlobalInt
                0x08002bc4       0x22 ./Drivers/STM32F4xx_HAL_Driver/Src/stm32f4xx_ll_usb.o
                0x08002bc4                USB_DisableGlobalInt
 .text.USB_SetCurrentMode
                0x08002be6       0x98 ./Drivers/STM32F4xx_HAL_Driver/Src/stm32f4xx_ll_usb.o
                0x08002be6                USB_SetCurrentMode
 *fill*         0x08002c7e        0x2 
 .text.USB_DevInit
                0x08002c80      0x2c8 ./Drivers/STM32F4xx_HAL_Driver/Src/stm32f4xx_ll_usb.o
                0x08002c80                USB_DevInit
 .text.USB_FlushTxFifo
                0x08002f48       0x64 ./Drivers/STM32F4xx_HAL_Driver/Src/stm32f4xx_ll_usb.o
                0x08002f48                USB_FlushTxFifo
 .text.USB_FlushRxFifo
                0x08002fac       0x5c ./Drivers/STM32F4xx_HAL_Driver/Src/stm32f4xx_ll_usb.o
                0x08002fac                USB_FlushRxFifo
 .text.USB_SetDevSpeed
                0x08003008       0x32 ./Drivers/STM32F4xx_HAL_Driver/Src/stm32f4xx_ll_usb.o
                0x08003008                USB_SetDevSpeed
 .text.USB_DevDisconnect
                0x0800303a       0x42 ./Drivers/STM32F4xx_HAL_Driver/Src/stm32f4xx_ll_usb.o
                0x0800303a                USB_DevDisconnect
 .text.USB_GetMode
                0x0800307c       0x1c ./Drivers/STM32F4xx_HAL_Driver/Src/stm32f4xx_ll_usb.o
                0x0800307c                USB_GetMode
 .text.USB_CoreReset
                0x08003098       0x62 ./Drivers/STM32F4xx_HAL_Driver/Src/stm32f4xx_ll_usb.o
 .text.memset   0x080030fa       0x10 C:/ST/STM32CubeIDE_1.15.1/STM32CubeIDE/plugins/com.st.stm32cube.ide.mcu.externaltools.gnu-tools-for-stm32.12.3.rel1.win32_1.0.200.202406191623/tools/bin/../lib/gcc/arm-none-eabi/12.3.1/../../../../arm-none-eabi/lib/thumb/v7e-m+fp/hard\libc_nano.a(libc_a-memset.o)
                0x080030fa                memset
 *fill*         0x0800310a        0x2 
 .text.__libc_init_array
                0x0800310c       0x48 C:/ST/STM32CubeIDE_1.15.1/STM32CubeIDE/plugins/com.st.stm32cube.ide.mcu.externaltools.gnu-tools-for-stm32.12.3.rel1.win32_1.0.200.202406191623/tools/bin/../lib/gcc/arm-none-eabi/12.3.1/../../../../arm-none-eabi/lib/thumb/v7e-m+fp/hard\libc_nano.a(libc_a-init.o)
                0x0800310c                __libc_init_array
 *(.glue_7)
 .glue_7        0x08003154        0x0 linker stubs
 *(.glue_7t)
 .glue_7t       0x08003154        0x0 linker stubs
 *(.eh_frame)
 .eh_frame      0x08003154        0x0 C:/ST/STM32CubeIDE_1.15.1/STM32CubeIDE/plugins/com.st.stm32cube.ide.mcu.externaltools.gnu-tools-for-stm32.12.3.rel1.win32_1.0.200.202406191623/tools/bin/../lib/gcc/arm-none-eabi/12.3.1/thumb/v7e-m+fp/hard/crtbegin.o
 *(.init)
 .init          0x08003154        0x4 C:/ST/STM32CubeIDE_1.15.1/STM32CubeIDE/plugins/com.st.stm32cube.ide.mcu.externaltools.gnu-tools-for-stm32.12.3.rel1.win32_1.0.200.202406191623/tools/bin/../lib/gcc/arm-none-eabi/12.3.1/thumb/v7e-m+fp/hard/crti.o
                0x08003154                _init
 .init          0x08003158        0x8 C:/ST/STM32CubeIDE_1.15.1/STM32CubeIDE/plugins/com.st.stm32cube.ide.mcu.externaltools.gnu-tools-for-stm32.12.3.rel1.win32_1.0.200.202406191623/tools/bin/../lib/gcc/arm-none-eabi/12.3.1/thumb/v7e-m+fp/hard/crtn.o
 *(.fini)
 .fini          0x08003160        0x4 C:/ST/STM32CubeIDE_1.15.1/STM32CubeIDE/plugins/com.st.stm32cube.ide.mcu.externaltools.gnu-tools-for-stm32.12.3.rel1.win32_1.0.200.202406191623/tools/bin/../lib/gcc/arm-none-eabi/12.3.1/thumb/v7e-m+fp/hard/crti.o
                0x08003160                _fini
 .fini          0x08003164        0x8 C:/ST/STM32CubeIDE_1.15.1/STM32CubeIDE/plugins/com.st.stm32cube.ide.mcu.externaltools.gnu-tools-for-stm32.12.3.rel1.win32_1.0.200.202406191623/tools/bin/../lib/gcc/arm-none-eabi/12.3.1/thumb/v7e-m+fp/hard/crtn.o
                0x0800316c                        . = ALIGN (0x4)
                0x0800316c                        _etext = .

.vfp11_veneer   0x0800316c        0x0
 .vfp11_veneer  0x0800316c        0x0 linker stubs

.v4_bx          0x0800316c        0x0
 .v4_bx         0x0800316c        0x0 linker stubs

.iplt           0x0800316c        0x0
 .iplt          0x0800316c        0x0 C:/ST/STM32CubeIDE_1.15.1/STM32CubeIDE/plugins/com.st.stm32cube.ide.mcu.externaltools.gnu-tools-for-stm32.12.3.rel1.win32_1.0.200.202406191623/tools/bin/../lib/gcc/arm-none-eabi/12.3.1/thumb/v7e-m+fp/hard/crtbegin.o

.rodata         0x0800316c       0x18
                0x0800316c                        . = ALIGN (0x4)
 *(.rodata)
 *(.rodata*)
 .rodata.AHBPrescTable
                0x0800316c       0x10 ./Core/Src/system_stm32f4xx.o
                0x0800316c                AHBPrescTable
 .rodata.APBPrescTable
                0x0800317c        0x8 ./Core/Src/system_stm32f4xx.o
                0x0800317c                APBPrescTable
                0x08003184                        . = ALIGN (0x4)

.ARM.extab      0x08003184        0x0
                0x08003184                        . = ALIGN (0x4)
 *(.ARM.extab* .gnu.linkonce.armextab.*)
                0x08003184                        . = ALIGN (0x4)

.ARM            0x08003184        0x8
                0x08003184                        . = ALIGN (0x4)
                0x08003184                        __exidx_start = .
 *(.ARM.exidx*)
 .ARM.exidx     0x08003184        0x8 C:/ST/STM32CubeIDE_1.15.1/STM32CubeIDE/plugins/com.st.stm32cube.ide.mcu.externaltools.gnu-tools-for-stm32.12.3.rel1.win32_1.0.200.202406191623/tools/bin/../lib/gcc/arm-none-eabi/12.3.1/thumb/v7e-m+fp/hard\libgcc.a(_udivmoddi4.o)
                0x0800318c                        __exidx_end = .
                0x0800318c                        . = ALIGN (0x4)

.preinit_array  0x0800318c        0x0
                0x0800318c                        . = ALIGN (0x4)
                0x0800318c                        PROVIDE (__preinit_array_start = .)
 *(.preinit_array*)
                0x0800318c                        PROVIDE (__preinit_array_end = .)
                0x0800318c                        . = ALIGN (0x4)

.init_array     0x0800318c        0x4
                0x0800318c                        . = ALIGN (0x4)
                0x0800318c                        PROVIDE (__init_array_start = .)
 *(SORT_BY_NAME(.init_array.*))
 *(.init_array*)
 .init_array    0x0800318c        0x4 C:/ST/STM32CubeIDE_1.15.1/STM32CubeIDE/plugins/com.st.stm32cube.ide.mcu.externaltools.gnu-tools-for-stm32.12.3.rel1.win32_1.0.200.202406191623/tools/bin/../lib/gcc/arm-none-eabi/12.3.1/thumb/v7e-m+fp/hard/crtbegin.o
                0x08003190                        PROVIDE (__init_array_end = .)
                0x08003190                        . = ALIGN (0x4)

.fini_array     0x08003190        0x4
                0x08003190                        . = ALIGN (0x4)
                [!provide]                        PROVIDE (__fini_array_start = .)
 *(SORT_BY_NAME(.fini_array.*))
 *(.fini_array*)
 .fini_array    0x08003190        0x4 C:/ST/STM32CubeIDE_1.15.1/STM32CubeIDE/plugins/com.st.stm32cube.ide.mcu.externaltools.gnu-tools-for-stm32.12.3.rel1.win32_1.0.200.202406191623/tools/bin/../lib/gcc/arm-none-eabi/12.3.1/thumb/v7e-m+fp/hard/crtbegin.o
                [!provide]                        PROVIDE (__fini_array_end = .)
                0x08003194                        . = ALIGN (0x4)
                0x08003194                        _sidata = LOADADDR (.data)

.rel.dyn        0x08003194        0x0
 .rel.iplt      0x08003194        0x0 C:/ST/STM32CubeIDE_1.15.1/STM32CubeIDE/plugins/com.st.stm32cube.ide.mcu.externaltools.gnu-tools-for-stm32.12.3.rel1.win32_1.0.200.202406191623/tools/bin/../lib/gcc/arm-none-eabi/12.3.1/thumb/v7e-m+fp/hard/crtbegin.o

.data           0x20000000        0xc load address 0x08003194
                0x20000000                        . = ALIGN (0x4)
                0x20000000                        _sdata = .
 *(.data)
 *(.data*)
 .data.SystemCoreClock
                0x20000000        0x4 ./Core/Src/system_stm32f4xx.o
                0x20000000                SystemCoreClock
 .data.uwTickPrio
                0x20000004        0x4 ./Drivers/STM32F4xx_HAL_Driver/Src/stm32f4xx_hal.o
                0x20000004                uwTickPrio
 .data.uwTickFreq
                0x20000008        0x1 ./Drivers/STM32F4xx_HAL_Driver/Src/stm32f4xx_hal.o
                0x20000008                uwTickFreq
 *(.RamFunc)
 *(.RamFunc*)
                0x2000000c                        . = ALIGN (0x4)
 *fill*         0x20000009        0x3 
                0x2000000c                        _edata = .
                0x080031a0                        _siccmram = LOADADDR (.ccmram)

.igot.plt       0x2000000c        0x0 load address 0x080031a0
 .igot.plt      0x2000000c        0x0 C:/ST/STM32CubeIDE_1.15.1/STM32CubeIDE/plugins/com.st.stm32cube.ide.mcu.externaltools.gnu-tools-for-stm32.12.3.rel1.win32_1.0.200.202406191623/tools/bin/../lib/gcc/arm-none-eabi/12.3.1/thumb/v7e-m+fp/hard/crtbegin.o

.ccmram         0x10000000        0x0 load address 0x080031a0
                0x10000000                        . = ALIGN (0x4)
                0x10000000                        _sccmram = .
 *(.ccmram)
 *(.ccmram*)
                0x10000000                        . = ALIGN (0x4)
                0x10000000                        _eccmram = .
                0x10000000                        . = ALIGN (0x4)

.bss            0x2000000c      0x788
                0x2000000c                        _sbss = .
                0x2000000c                        __bss_start__ = _sbss
 *(.bss)
 .bss           0x2000000c       0x1c C:/ST/STM32CubeIDE_1.15.1/STM32CubeIDE/plugins/com.st.stm32cube.ide.mcu.externaltools.gnu-tools-for-stm32.12.3.rel1.win32_1.0.200.202406191623/tools/bin/../lib/gcc/arm-none-eabi/12.3.1/thumb/v7e-m+fp/hard/crtbegin.o
 *(.bss*)
 .bss.debounceState
                0x20000028        0x1 ./Core/Src/main.o
                0x20000028                debounceState
 *fill*         0x20000029        0x3 
 .bss.debounceTimer
                0x2000002c        0x4 ./Core/Src/main.o
                0x2000002c                debounceTimer
 .bss.previousButtonState
                0x20000030        0x4 ./Core/Src/main.o
                0x20000030                previousButtonState
 .bss.TxConfig  0x20000034       0x38 ./Core/Src/main.o
                0x20000034                TxConfig
 .bss.DMARxDscrTab
                0x2000006c       0xa0 ./Core/Src/main.o
                0x2000006c                DMARxDscrTab
 .bss.DMATxDscrTab
                0x2000010c       0xa0 ./Core/Src/main.o
                0x2000010c                DMATxDscrTab
 .bss.heth      0x200001ac       0xb0 ./Core/Src/main.o
                0x200001ac                heth
 .bss.huart3    0x2000025c       0x48 ./Core/Src/main.o
                0x2000025c                huart3
 .bss.hpcd_USB_OTG_FS
                0x200002a4      0x4e4 ./Core/Src/main.o
                0x200002a4                hpcd_USB_OTG_FS
 .bss.MACAddr.0
                0x20000788        0x6 ./Core/Src/main.o
 *fill*         0x2000078e        0x2 
 .bss.uwTick    0x20000790        0x4 ./Drivers/STM32F4xx_HAL_Driver/Src/stm32f4xx_hal.o
                0x20000790                uwTick
 *(COMMON)
                0x20000794                        . = ALIGN (0x4)
                0x20000794                        _ebss = .
                0x20000794                        __bss_end__ = _ebss

._user_heap_stack
                0x20000794      0x604
                0x20000798                        . = ALIGN (0x8)
 *fill*         0x20000794        0x4 
                [!provide]                        PROVIDE (end = .)
                0x20000798                        PROVIDE (_end = .)
                0x20000998                        . = (. + _Min_Heap_Size)
 *fill*         0x20000798      0x200 
                0x20000d98                        . = (. + _Min_Stack_Size)
 *fill*         0x20000998      0x400 
                0x20000d98                        . = ALIGN (0x8)

/DISCARD/
 libc.a(*)
 libm.a(*)
 libgcc.a(*)

.ARM.attributes
                0x00000000       0x30
 *(.ARM.attributes)
 .ARM.attributes
                0x00000000       0x22 C:/ST/STM32CubeIDE_1.15.1/STM32CubeIDE/plugins/com.st.stm32cube.ide.mcu.externaltools.gnu-tools-for-stm32.12.3.rel1.win32_1.0.200.202406191623/tools/bin/../lib/gcc/arm-none-eabi/12.3.1/thumb/v7e-m+fp/hard/crti.o
 .ARM.attributes
                0x00000022       0x34 C:/ST/STM32CubeIDE_1.15.1/STM32CubeIDE/plugins/com.st.stm32cube.ide.mcu.externaltools.gnu-tools-for-stm32.12.3.rel1.win32_1.0.200.202406191623/tools/bin/../lib/gcc/arm-none-eabi/12.3.1/thumb/v7e-m+fp/hard/crtbegin.o
 .ARM.attributes
                0x00000056       0x34 ./Core/Src/main.o
 .ARM.attributes
                0x0000008a       0x34 ./Core/Src/stm32f4xx_hal_msp.o
 .ARM.attributes
                0x000000be       0x34 ./Core/Src/stm32f4xx_it.o
 .ARM.attributes
                0x000000f2       0x34 ./Core/Src/system_stm32f4xx.o
 .ARM.attributes
                0x00000126       0x21 ./Core/Startup/startup_stm32f429zitx.o
 .ARM.attributes
                0x00000147       0x34 ./Drivers/STM32F4xx_HAL_Driver/Src/stm32f4xx_hal.o
 .ARM.attributes
                0x0000017b       0x34 ./Drivers/STM32F4xx_HAL_Driver/Src/stm32f4xx_hal_cortex.o
 .ARM.attributes
                0x000001af       0x34 ./Drivers/STM32F4xx_HAL_Driver/Src/stm32f4xx_hal_eth.o
 .ARM.attributes
                0x000001e3       0x34 ./Drivers/STM32F4xx_HAL_Driver/Src/stm32f4xx_hal_gpio.o
 .ARM.attributes
                0x00000217       0x34 ./Drivers/STM32F4xx_HAL_Driver/Src/stm32f4xx_hal_pcd.o
 .ARM.attributes
                0x0000024b       0x34 ./Drivers/STM32F4xx_HAL_Driver/Src/stm32f4xx_hal_rcc.o
 .ARM.attributes
                0x0000027f       0x34 ./Drivers/STM32F4xx_HAL_Driver/Src/stm32f4xx_hal_uart.o
 .ARM.attributes
                0x000002b3       0x34 ./Drivers/STM32F4xx_HAL_Driver/Src/stm32f4xx_ll_usb.o
 .ARM.attributes
                0x000002e7       0x34 C:/ST/STM32CubeIDE_1.15.1/STM32CubeIDE/plugins/com.st.stm32cube.ide.mcu.externaltools.gnu-tools-for-stm32.12.3.rel1.win32_1.0.200.202406191623/tools/bin/../lib/gcc/arm-none-eabi/12.3.1/../../../../arm-none-eabi/lib/thumb/v7e-m+fp/hard\libc_nano.a(libc_a-memset.o)
 .ARM.attributes
                0x0000031b       0x34 C:/ST/STM32CubeIDE_1.15.1/STM32CubeIDE/plugins/com.st.stm32cube.ide.mcu.externaltools.gnu-tools-for-stm32.12.3.rel1.win32_1.0.200.202406191623/tools/bin/../lib/gcc/arm-none-eabi/12.3.1/../../../../arm-none-eabi/lib/thumb/v7e-m+fp/hard\libc_nano.a(libc_a-init.o)
 .ARM.attributes
                0x0000034f       0x22 C:/ST/STM32CubeIDE_1.15.1/STM32CubeIDE/plugins/com.st.stm32cube.ide.mcu.externaltools.gnu-tools-for-stm32.12.3.rel1.win32_1.0.200.202406191623/tools/bin/../lib/gcc/arm-none-eabi/12.3.1/thumb/v7e-m+fp/hard\libgcc.a(_aeabi_uldivmod.o)
 .ARM.attributes
                0x00000371       0x34 C:/ST/STM32CubeIDE_1.15.1/STM32CubeIDE/plugins/com.st.stm32cube.ide.mcu.externaltools.gnu-tools-for-stm32.12.3.rel1.win32_1.0.200.202406191623/tools/bin/../lib/gcc/arm-none-eabi/12.3.1/thumb/v7e-m+fp/hard\libgcc.a(_udivmoddi4.o)
 .ARM.attributes
                0x000003a5       0x22 C:/ST/STM32CubeIDE_1.15.1/STM32CubeIDE/plugins/com.st.stm32cube.ide.mcu.externaltools.gnu-tools-for-stm32.12.3.rel1.win32_1.0.200.202406191623/tools/bin/../lib/gcc/arm-none-eabi/12.3.1/thumb/v7e-m+fp/hard\libgcc.a(_dvmd_tls.o)
 .ARM.attributes
                0x000003c7       0x22 C:/ST/STM32CubeIDE_1.15.1/STM32CubeIDE/plugins/com.st.stm32cube.ide.mcu.externaltools.gnu-tools-for-stm32.12.3.rel1.win32_1.0.200.202406191623/tools/bin/../lib/gcc/arm-none-eabi/12.3.1/thumb/v7e-m+fp/hard/crtn.o
OUTPUT(App_1_0_Grupo_4_2024 MOD.elf elf32-littlearm)
LOAD linker stubs
LOAD C:/ST/STM32CubeIDE_1.15.1/STM32CubeIDE/plugins/com.st.stm32cube.ide.mcu.externaltools.gnu-tools-for-stm32.12.3.rel1.win32_1.0.200.202406191623/tools/bin/../lib/gcc/arm-none-eabi/12.3.1/../../../../arm-none-eabi/lib/thumb/v7e-m+fp/hard\libc.a
LOAD C:/ST/STM32CubeIDE_1.15.1/STM32CubeIDE/plugins/com.st.stm32cube.ide.mcu.externaltools.gnu-tools-for-stm32.12.3.rel1.win32_1.0.200.202406191623/tools/bin/../lib/gcc/arm-none-eabi/12.3.1/../../../../arm-none-eabi/lib/thumb/v7e-m+fp/hard\libm.a
LOAD C:/ST/STM32CubeIDE_1.15.1/STM32CubeIDE/plugins/com.st.stm32cube.ide.mcu.externaltools.gnu-tools-for-stm32.12.3.rel1.win32_1.0.200.202406191623/tools/bin/../lib/gcc/arm-none-eabi/12.3.1/thumb/v7e-m+fp/hard\libgcc.a

.debug_info     0x00000000     0xe0b2
 .debug_info    0x00000000     0x1bdb ./Core/Src/main.o
 .debug_info    0x00001bdb     0x178f ./Core/Src/stm32f4xx_hal_msp.o
 .debug_info    0x0000336a      0x112 ./Core/Src/stm32f4xx_it.o
 .debug_info    0x0000347c      0x52e ./Core/Src/system_stm32f4xx.o
 .debug_info    0x000039aa       0x30 ./Core/Startup/startup_stm32f429zitx.o
 .debug_info    0x000039da      0x9ba ./Drivers/STM32F4xx_HAL_Driver/Src/stm32f4xx_hal.o
 .debug_info    0x00004394      0xdc2 ./Drivers/STM32F4xx_HAL_Driver/Src/stm32f4xx_hal_cortex.o
 .debug_info    0x00005156     0x2169 ./Drivers/STM32F4xx_HAL_Driver/Src/stm32f4xx_hal_eth.o
 .debug_info    0x000072bf      0x6db ./Drivers/STM32F4xx_HAL_Driver/Src/stm32f4xx_hal_gpio.o
 .debug_info    0x0000799a     0x156f ./Drivers/STM32F4xx_HAL_Driver/Src/stm32f4xx_hal_pcd.o
 .debug_info    0x00008f09      0x8c7 ./Drivers/STM32F4xx_HAL_Driver/Src/stm32f4xx_hal_rcc.o
 .debug_info    0x000097d0     0x2f4f ./Drivers/STM32F4xx_HAL_Driver/Src/stm32f4xx_hal_uart.o
 .debug_info    0x0000c71f     0x1993 ./Drivers/STM32F4xx_HAL_Driver/Src/stm32f4xx_ll_usb.o

.debug_abbrev   0x00000000     0x1ccf
 .debug_abbrev  0x00000000      0x339 ./Core/Src/main.o
 .debug_abbrev  0x00000339      0x253 ./Core/Src/stm32f4xx_hal_msp.o
 .debug_abbrev  0x0000058c       0x73 ./Core/Src/stm32f4xx_it.o
 .debug_abbrev  0x000005ff      0x11a ./Core/Src/system_stm32f4xx.o
 .debug_abbrev  0x00000719       0x24 ./Core/Startup/startup_stm32f429zitx.o
 .debug_abbrev  0x0000073d      0x214 ./Drivers/STM32F4xx_HAL_Driver/Src/stm32f4xx_hal.o
 .debug_abbrev  0x00000951      0x31d ./Drivers/STM32F4xx_HAL_Driver/Src/stm32f4xx_hal_cortex.o
 .debug_abbrev  0x00000c6e      0x35c ./Drivers/STM32F4xx_HAL_Driver/Src/stm32f4xx_hal_eth.o
 .debug_abbrev  0x00000fca      0x1d4 ./Drivers/STM32F4xx_HAL_Driver/Src/stm32f4xx_hal_gpio.o
 .debug_abbrev  0x0000119e      0x2b9 ./Drivers/STM32F4xx_HAL_Driver/Src/stm32f4xx_hal_pcd.o
 .debug_abbrev  0x00001457      0x2b7 ./Drivers/STM32F4xx_HAL_Driver/Src/stm32f4xx_hal_rcc.o
 .debug_abbrev  0x0000170e      0x30e ./Drivers/STM32F4xx_HAL_Driver/Src/stm32f4xx_hal_uart.o
 .debug_abbrev  0x00001a1c      0x2b3 ./Drivers/STM32F4xx_HAL_Driver/Src/stm32f4xx_ll_usb.o

.debug_aranges  0x00000000      0xb50
 .debug_aranges
                0x00000000       0x70 ./Core/Src/main.o
 .debug_aranges
                0x00000070       0x50 ./Core/Src/stm32f4xx_hal_msp.o
 .debug_aranges
                0x000000c0       0x60 ./Core/Src/stm32f4xx_it.o
 .debug_aranges
                0x00000120       0x28 ./Core/Src/system_stm32f4xx.o
 .debug_aranges
                0x00000148       0x28 ./Core/Startup/startup_stm32f429zitx.o
 .debug_aranges
                0x00000170      0x100 ./Drivers/STM32F4xx_HAL_Driver/Src/stm32f4xx_hal.o
 .debug_aranges
                0x00000270      0x130 ./Drivers/STM32F4xx_HAL_Driver/Src/stm32f4xx_hal_cortex.o
 .debug_aranges
                0x000003a0      0x1e0 ./Drivers/STM32F4xx_HAL_Driver/Src/stm32f4xx_hal_eth.o
 .debug_aranges
                0x00000580       0x58 ./Drivers/STM32F4xx_HAL_Driver/Src/stm32f4xx_hal_gpio.o
 .debug_aranges
                0x000005d8      0x148 ./Drivers/STM32F4xx_HAL_Driver/Src/stm32f4xx_hal_pcd.o
 .debug_aranges
                0x00000720       0x88 ./Drivers/STM32F4xx_HAL_Driver/Src/stm32f4xx_hal_rcc.o
 .debug_aranges
                0x000007a8      0x208 ./Drivers/STM32F4xx_HAL_Driver/Src/stm32f4xx_hal_uart.o
 .debug_aranges
                0x000009b0      0x1a0 ./Drivers/STM32F4xx_HAL_Driver/Src/stm32f4xx_ll_usb.o

.debug_rnglists
                0x00000000      0x8bb
 .debug_rnglists
                0x00000000       0x52 ./Core/Src/main.o
 .debug_rnglists
                0x00000052       0x3a ./Core/Src/stm32f4xx_hal_msp.o
 .debug_rnglists
                0x0000008c       0x43 ./Core/Src/stm32f4xx_it.o
 .debug_rnglists
                0x000000cf       0x1a ./Core/Src/system_stm32f4xx.o
 .debug_rnglists
                0x000000e9       0x19 ./Core/Startup/startup_stm32f429zitx.o
 .debug_rnglists
                0x00000102       0xbb ./Drivers/STM32F4xx_HAL_Driver/Src/stm32f4xx_hal.o
 .debug_rnglists
                0x000001bd       0xe0 ./Drivers/STM32F4xx_HAL_Driver/Src/stm32f4xx_hal_cortex.o
 .debug_rnglists
                0x0000029d      0x17c ./Drivers/STM32F4xx_HAL_Driver/Src/stm32f4xx_hal_eth.o
 .debug_rnglists
                0x00000419       0x3f ./Drivers/STM32F4xx_HAL_Driver/Src/stm32f4xx_hal_gpio.o
 .debug_rnglists
                0x00000458       0xfa ./Drivers/STM32F4xx_HAL_Driver/Src/stm32f4xx_hal_pcd.o
 .debug_rnglists
                0x00000552       0x66 ./Drivers/STM32F4xx_HAL_Driver/Src/stm32f4xx_hal_rcc.o
 .debug_rnglists
                0x000005b8      0x1bc ./Drivers/STM32F4xx_HAL_Driver/Src/stm32f4xx_hal_uart.o
 .debug_rnglists
                0x00000774      0x147 ./Drivers/STM32F4xx_HAL_Driver/Src/stm32f4xx_ll_usb.o

.debug_macro    0x00000000    0x23b2c
 .debug_macro   0x00000000      0x2c5 ./Core/Src/main.o
 .debug_macro   0x000002c5      0xab4 ./Core/Src/main.o
 .debug_macro   0x00000d79      0x2a1 ./Core/Src/main.o
 .debug_macro   0x0000101a       0x2e ./Core/Src/main.o
 .debug_macro   0x00001048       0x28 ./Core/Src/main.o
 .debug_macro   0x00001070       0x22 ./Core/Src/main.o
 .debug_macro   0x00001092       0x8e ./Core/Src/main.o
 .debug_macro   0x00001120       0x51 ./Core/Src/main.o
 .debug_macro   0x00001171      0x103 ./Core/Src/main.o
 .debug_macro   0x00001274       0x6a ./Core/Src/main.o
 .debug_macro   0x000012de      0x1df ./Core/Src/main.o
 .debug_macro   0x000014bd       0x1c ./Core/Src/main.o
 .debug_macro   0x000014d9       0x22 ./Core/Src/main.o
 .debug_macro   0x000014fb       0xfb ./Core/Src/main.o
 .debug_macro   0x000015f6     0x1011 ./Core/Src/main.o
 .debug_macro   0x00002607      0x11f ./Core/Src/main.o
 .debug_macro   0x00002726    0x17fd8 ./Core/Src/main.o
 .debug_macro   0x0001a6fe       0x6d ./Core/Src/main.o
 .debug_macro   0x0001a76b     0x3711 ./Core/Src/main.o
 .debug_macro   0x0001de7c      0x189 ./Core/Src/main.o
 .debug_macro   0x0001e005       0x5c ./Core/Src/main.o
 .debug_macro   0x0001e061      0xcba ./Core/Src/main.o
 .debug_macro   0x0001ed1b      0x9e9 ./Core/Src/main.o
 .debug_macro   0x0001f704      0x115 ./Core/Src/main.o
 .debug_macro   0x0001f819      0x156 ./Core/Src/main.o
 .debug_macro   0x0001f96f       0xa5 ./Core/Src/main.o
 .debug_macro   0x0001fa14      0x182 ./Core/Src/main.o
 .debug_macro   0x0001fb96      0x287 ./Core/Src/main.o
 .debug_macro   0x0001fe1d       0x5f ./Core/Src/main.o
 .debug_macro   0x0001fe7c      0x236 ./Core/Src/main.o
 .debug_macro   0x000200b2      0xb99 ./Core/Src/main.o
 .debug_macro   0x00020c4b      0x132 ./Core/Src/main.o
 .debug_macro   0x00020d7d      0x41d ./Core/Src/main.o
 .debug_macro   0x0002119a       0x2e ./Core/Src/main.o
 .debug_macro   0x000211c8      0x127 ./Core/Src/main.o
 .debug_macro   0x000212ef       0xe2 ./Core/Src/main.o
 .debug_macro   0x000213d1       0x89 ./Core/Src/main.o
 .debug_macro   0x0002145a      0x2aa ./Core/Src/main.o
 .debug_macro   0x00021704      0x293 ./Core/Src/main.o
 .debug_macro   0x00021997       0xba ./Core/Src/main.o
 .debug_macro   0x00021a51      0x134 ./Core/Src/main.o
 .debug_macro   0x00021b85      0x130 ./Core/Src/main.o
 .debug_macro   0x00021cb5       0x61 ./Core/Src/main.o
 .debug_macro   0x00021d16       0x2a ./Core/Src/main.o
 .debug_macro   0x00021d40       0x43 ./Core/Src/main.o
 .debug_macro   0x00021d83       0x34 ./Core/Src/main.o
 .debug_macro   0x00021db7       0x16 ./Core/Src/main.o
 .debug_macro   0x00021dcd       0x43 ./Core/Src/main.o
 .debug_macro   0x00021e10       0x34 ./Core/Src/main.o
 .debug_macro   0x00021e44       0x10 ./Core/Src/main.o
 .debug_macro   0x00021e54       0x58 ./Core/Src/main.o
 .debug_macro   0x00021eac       0x8e ./Core/Src/main.o
 .debug_macro   0x00021f3a       0x1c ./Core/Src/main.o
 .debug_macro   0x00021f56      0x177 ./Core/Src/main.o
 .debug_macro   0x000220cd      0x369 ./Core/Src/main.o
 .debug_macro   0x00022436       0x10 ./Core/Src/main.o
 .debug_macro   0x00022446       0x35 ./Core/Src/main.o
 .debug_macro   0x0002247b       0x20 ./Core/Src/main.o
 .debug_macro   0x0002249b      0x1f7 ./Core/Src/stm32f4xx_hal_msp.o
 .debug_macro   0x00022692      0x201 ./Core/Src/stm32f4xx_it.o
 .debug_macro   0x00022893      0x1e8 ./Core/Src/system_stm32f4xx.o
 .debug_macro   0x00022a7b      0x248 ./Drivers/STM32F4xx_HAL_Driver/Src/stm32f4xx_hal.o
 .debug_macro   0x00022cc3      0x1e8 ./Drivers/STM32F4xx_HAL_Driver/Src/stm32f4xx_hal_cortex.o
 .debug_macro   0x00022eab      0x2c2 ./Drivers/STM32F4xx_HAL_Driver/Src/stm32f4xx_hal_eth.o
 .debug_macro   0x0002316d      0x1ee ./Drivers/STM32F4xx_HAL_Driver/Src/stm32f4xx_hal_gpio.o
 .debug_macro   0x0002335b      0x1f4 ./Drivers/STM32F4xx_HAL_Driver/Src/stm32f4xx_hal_pcd.o
 .debug_macro   0x0002354f      0x20c ./Drivers/STM32F4xx_HAL_Driver/Src/stm32f4xx_hal_rcc.o
 .debug_macro   0x0002375b      0x1e9 ./Drivers/STM32F4xx_HAL_Driver/Src/stm32f4xx_hal_uart.o
 .debug_macro   0x00023944      0x1e8 ./Drivers/STM32F4xx_HAL_Driver/Src/stm32f4xx_ll_usb.o

.debug_line     0x00000000     0xcd66
 .debug_line    0x00000000      0xac8 ./Core/Src/main.o
 .debug_line    0x00000ac8      0x8ac ./Core/Src/stm32f4xx_hal_msp.o
 .debug_line    0x00001374      0x83e ./Core/Src/stm32f4xx_it.o
 .debug_line    0x00001bb2      0x800 ./Core/Src/system_stm32f4xx.o
 .debug_line    0x000023b2       0x7a ./Core/Startup/startup_stm32f429zitx.o
 .debug_line    0x0000242c      0xa9f ./Drivers/STM32F4xx_HAL_Driver/Src/stm32f4xx_hal.o
 .debug_line    0x00002ecb      0xd5b ./Drivers/STM32F4xx_HAL_Driver/Src/stm32f4xx_hal_cortex.o
 .debug_line    0x00003c26     0x1a5e ./Drivers/STM32F4xx_HAL_Driver/Src/stm32f4xx_hal_eth.o
 .debug_line    0x00005684      0xc1d ./Drivers/STM32F4xx_HAL_Driver/Src/stm32f4xx_hal_gpio.o
 .debug_line    0x000062a1     0x1552 ./Drivers/STM32F4xx_HAL_Driver/Src/stm32f4xx_hal_pcd.o
 .debug_line    0x000077f3      0xdf4 ./Drivers/STM32F4xx_HAL_Driver/Src/stm32f4xx_hal_rcc.o
 .debug_line    0x000085e7     0x293b ./Drivers/STM32F4xx_HAL_Driver/Src/stm32f4xx_hal_uart.o
 .debug_line    0x0000af22     0x1e44 ./Drivers/STM32F4xx_HAL_Driver/Src/stm32f4xx_ll_usb.o

.debug_str      0x00000000    0xd92c6
 .debug_str     0x00000000    0xd58bb ./Core/Src/main.o
                              0xd5c4c (size before relaxing)
 .debug_str     0x000d58bb       0xaf ./Core/Src/stm32f4xx_hal_msp.o
                              0xd272d (size before relaxing)
 .debug_str     0x000d596a       0xc9 ./Core/Src/stm32f4xx_it.o
                              0xd189a (size before relaxing)
 .debug_str     0x000d5a33       0xdb ./Core/Src/system_stm32f4xx.o
                              0xd1516 (size before relaxing)
 .debug_str     0x000d5b0e       0x44 ./Core/Startup/startup_stm32f429zitx.o
                                 0x90 (size before relaxing)
 .debug_str     0x000d5b52      0xba4 ./Drivers/STM32F4xx_HAL_Driver/Src/stm32f4xx_hal.o
                              0xd2139 (size before relaxing)
 .debug_str     0x000d66f6      0x38d ./Drivers/STM32F4xx_HAL_Driver/Src/stm32f4xx_hal_cortex.o
                              0xd1e67 (size before relaxing)
 .debug_str     0x000d6a83     0x1245 ./Drivers/STM32F4xx_HAL_Driver/Src/stm32f4xx_hal_eth.o
                              0xd2df7 (size before relaxing)
 .debug_str     0x000d7cc8       0xe1 ./Drivers/STM32F4xx_HAL_Driver/Src/stm32f4xx_hal_gpio.o
                              0xd1691 (size before relaxing)
 .debug_str     0x000d7da9      0x7fc ./Drivers/STM32F4xx_HAL_Driver/Src/stm32f4xx_hal_pcd.o
                              0xd1fe1 (size before relaxing)
 .debug_str     0x000d85a5      0x21f ./Drivers/STM32F4xx_HAL_Driver/Src/stm32f4xx_hal_rcc.o
                              0xd194a (size before relaxing)
 .debug_str     0x000d87c4      0x657 ./Drivers/STM32F4xx_HAL_Driver/Src/stm32f4xx_hal_uart.o
                              0xd1f18 (size before relaxing)
 .debug_str     0x000d8e1b      0x4ab ./Drivers/STM32F4xx_HAL_Driver/Src/stm32f4xx_ll_usb.o
                              0xd1ebc (size before relaxing)

.comment        0x00000000       0x43
 .comment       0x00000000       0x43 ./Core/Src/main.o
                                 0x44 (size before relaxing)
 .comment       0x00000043       0x44 ./Core/Src/stm32f4xx_hal_msp.o
 .comment       0x00000043       0x44 ./Core/Src/stm32f4xx_it.o
 .comment       0x00000043       0x44 ./Core/Src/system_stm32f4xx.o
 .comment       0x00000043       0x44 ./Drivers/STM32F4xx_HAL_Driver/Src/stm32f4xx_hal.o
 .comment       0x00000043       0x44 ./Drivers/STM32F4xx_HAL_Driver/Src/stm32f4xx_hal_cortex.o
 .comment       0x00000043       0x44 ./Drivers/STM32F4xx_HAL_Driver/Src/stm32f4xx_hal_eth.o
 .comment       0x00000043       0x44 ./Drivers/STM32F4xx_HAL_Driver/Src/stm32f4xx_hal_gpio.o
 .comment       0x00000043       0x44 ./Drivers/STM32F4xx_HAL_Driver/Src/stm32f4xx_hal_pcd.o
 .comment       0x00000043       0x44 ./Drivers/STM32F4xx_HAL_Driver/Src/stm32f4xx_hal_rcc.o
 .comment       0x00000043       0x44 ./Drivers/STM32F4xx_HAL_Driver/Src/stm32f4xx_hal_uart.o
 .comment       0x00000043       0x44 ./Drivers/STM32F4xx_HAL_Driver/Src/stm32f4xx_ll_usb.o

.debug_frame    0x00000000     0x2fd8
 .debug_frame   0x00000000      0x160 ./Core/Src/main.o
 .debug_frame   0x00000160      0x110 ./Core/Src/stm32f4xx_hal_msp.o
 .debug_frame   0x00000270      0x104 ./Core/Src/stm32f4xx_it.o
 .debug_frame   0x00000374       0x58 ./Core/Src/system_stm32f4xx.o
 .debug_frame   0x000003cc      0x3b4 ./Drivers/STM32F4xx_HAL_Driver/Src/stm32f4xx_hal.o
 .debug_frame   0x00000780      0x508 ./Drivers/STM32F4xx_HAL_Driver/Src/stm32f4xx_hal_cortex.o
 .debug_frame   0x00000c88      0x898 ./Drivers/STM32F4xx_HAL_Driver/Src/stm32f4xx_hal_eth.o
 .debug_frame   0x00001520      0x14c ./Drivers/STM32F4xx_HAL_Driver/Src/stm32f4xx_hal_gpio.o
 .debug_frame   0x0000166c      0x5b8 ./Drivers/STM32F4xx_HAL_Driver/Src/stm32f4xx_hal_pcd.o
 .debug_frame   0x00001c24      0x1f4 ./Drivers/STM32F4xx_HAL_Driver/Src/stm32f4xx_hal_rcc.o
 .debug_frame   0x00001e18      0x954 ./Drivers/STM32F4xx_HAL_Driver/Src/stm32f4xx_hal_uart.o
 .debug_frame   0x0000276c      0x7c0 ./Drivers/STM32F4xx_HAL_Driver/Src/stm32f4xx_ll_usb.o
 .debug_frame   0x00002f2c       0x20 C:/ST/STM32CubeIDE_1.15.1/STM32CubeIDE/plugins/com.st.stm32cube.ide.mcu.externaltools.gnu-tools-for-stm32.12.3.rel1.win32_1.0.200.202406191623/tools/bin/../lib/gcc/arm-none-eabi/12.3.1/../../../../arm-none-eabi/lib/thumb/v7e-m+fp/hard\libc_nano.a(libc_a-memset.o)
 .debug_frame   0x00002f4c       0x2c C:/ST/STM32CubeIDE_1.15.1/STM32CubeIDE/plugins/com.st.stm32cube.ide.mcu.externaltools.gnu-tools-for-stm32.12.3.rel1.win32_1.0.200.202406191623/tools/bin/../lib/gcc/arm-none-eabi/12.3.1/../../../../arm-none-eabi/lib/thumb/v7e-m+fp/hard\libc_nano.a(libc_a-init.o)
 .debug_frame   0x00002f78       0x2c C:/ST/STM32CubeIDE_1.15.1/STM32CubeIDE/plugins/com.st.stm32cube.ide.mcu.externaltools.gnu-tools-for-stm32.12.3.rel1.win32_1.0.200.202406191623/tools/bin/../lib/gcc/arm-none-eabi/12.3.1/thumb/v7e-m+fp/hard\libgcc.a(_aeabi_uldivmod.o)
 .debug_frame   0x00002fa4       0x34 C:/ST/STM32CubeIDE_1.15.1/STM32CubeIDE/plugins/com.st.stm32cube.ide.mcu.externaltools.gnu-tools-for-stm32.12.3.rel1.win32_1.0.200.202406191623/tools/bin/../lib/gcc/arm-none-eabi/12.3.1/thumb/v7e-m+fp/hard\libgcc.a(_udivmoddi4.o)

.debug_line_str
                0x00000000       0x74
 .debug_line_str
                0x00000000       0x74 ./Core/Startup/startup_stm32f429zitx.o
