../Core/Src/main.c:41:6:delayInit	16	static
../Core/Src/main.c:46:8:delayRead	16	static
../Core/Src/main.c:60:6:delayWrite	16	static
../Core/Src/main.c:100:5:main	24	static
../Core/Src/main.c:152:6:SystemClock_Config	88	static
../Core/Src/main.c:198:13:MX_ETH_Init	8	static
../Core/Src/main.c:247:13:MX_USART3_UART_Init	8	static
../Core/Src/main.c:280:13:MX_USB_OTG_FS_PCD_Init	8	static
../Core/Src/main.c:315:13:MX_GPIO_Init	56	static
../Core/Src/main.c:373:6:Error_Handler	4	static,ignoring_inline_asm
